> hvigor [32mUP-TO-DATE :entry:default@PreBuild...  [39m
> hvigor [32mFinished :entry:default@CreateModuleInfo... after 15 ms [39m
> hvigor [32mUP-TO-DATE :entry:default@GenerateMetadata...  [39m
> hvigor [32mFinished :entry:default@ConfigureCmake... after 2 ms [39m
> hvigor [32mUP-TO-DATE :entry:default@MergeProfile...  [39m
> hvigor [32mUP-TO-DATE :entry:default@CreateBuildProfile...  [39m
> hvigor [32mFinished :entry:default@PreCheckSyscap... after 1 ms [39m
> hvigor [32mFinished :entry:default@GeneratePkgContextInfo... after 60 ms [39m
> hvigor [32mUP-TO-DATE :entry:default@GeneratePkgSdkInfo...  [39m
> hvigor [32mFinished :entry:default@ProcessIntegratedHsp... after 3 ms [39m
> hvigor [32mFinished :entry:default@BuildNativeWithCmake... after 8 ms [39m
> hvigor [32mUP-TO-DATE :entry:default@MakePackInfo...  [39m
> hvigor [32mFinished :entry:default@SyscapTransform... after 63 ms [39m
> hvigor [32mUP-TO-DATE :entry:default@ProcessProfile...  [39m
> hvigor [32mUP-TO-DATE :entry:default@ProcessRouterMap...  [39m
> hvigor [32mUP-TO-DATE :entry:default@ProcessShareConfig...  [39m
> hvigor [32mFinished :entry:default@ProcessStartupConfig... after 6 ms [39m
> hvigor [32mFinished :entry:default@BuildNativeWithNinja... after 5 ms [39m
> hvigor [32mUP-TO-DATE :entry:default@ProcessResource...  [39m
> hvigor [32mUP-TO-DATE :entry:default@GenerateLoaderJson...  [39m
> hvigor [32mUP-TO-DATE :entry:default@ProcessLibs...  [39m
> hvigor [32mUP-TO-DATE :entry:default@CompileResource...  [39m
> hvigor [32mUP-TO-DATE :entry:default@DoNativeStrip...  [39m
> hvigor [32mFinished :entry:default@BuildJS... after 101 ms [39m
> hvigor [32mUP-TO-DATE :entry:default@CacheNativeLibs...  [39m
hvigorw : > hvigor [91mERROR: Failed :entry:default@CompileArkTS... [39m
所在位置 行:1 字符: 44
+ ... y_food_app; hvigorw assembleHap --mode module -p product=default -p m ...
+                 ~~~~~~~~~~~~~~~~~~~~~~~~~~~~~~~~~~~~~~~~~~~~~~~~~~~~~~~~~
    + CategoryInfo          : NotSpecified: (> hvigor [91mE...eArkTS... [39m:String) [], RemoteException
    + FullyQualifiedErrorId : NativeCommandError
 
> hvigor [33mWARN: 
[33m1 WARN: [33m[33mArkTS:WARN: For details about ArkTS syntax errors, see FAQs[39m[39m
[33m2 WARN: [33m[33mArkTS:WARN File: C:/Users/A/IDEProjects/family_food_app/entry/src/main/ets/repository/FamilyRepository.ets:56:11
 Function may throw exceptions. Special handling is required.
[39m[39m
[33m3 WARN: [33m[33mArkTS:WARN File: C:/Users/A/IDEProjects/family_food_app/entry/src/main/ets/repository/FoodRepository.ets:34:11
 Function may throw exceptions. Special handling is required.
[39m[39m
[33m4 WARN: [33m[33mArkTS:WARN File: C:/Users/A/IDEProjects/family_food_app/entry/src/main/ets/repository/FoodRepository.ets:162:20
 Function may throw exceptions. Special handling is required.
[39m[39m
[33m5 WARN: [33m[33mArkTS:WARN File: C:/Users/A/IDEProjects/family_food_app/entry/src/main/ets/repository/FoodRepository.ets:162:40
 Function may throw exceptions. Special handling is required.
[39m[39m
[33m6 WARN: [33m[33mArkTS:WARN File: C:/Users/A/IDEProjects/family_food_app/entry/src/main/ets/repository/FoodRepository.ets:163:22
 Function may throw exceptions. Special handling is required.
[39m[39m
[33m7 WARN: [33m[33mArkTS:WARN File: C:/Users/A/IDEProjects/family_food_app/entry/src/main/ets/repository/FoodRepository.ets:163:42
 Function may throw exceptions. Special handling is required.
[39m[39m
[33m8 WARN: [33m[33mArkTS:WARN File: C:/Users/A/IDEProjects/family_food_app/entry/src/main/ets/repository/FoodRepository.ets:164:21
 Function may throw exceptions. Special handling is required.
[39m[39m
[33m9 WARN: [33m[33mArkTS:WARN File: C:/Users/A/IDEProjects/family_food_app/entry/src/main/ets/repository/FoodRepository.ets:164:41
 Function may throw exceptions. Special handling is required.
[39m[39m
[33m10 WARN: [33m[33mArkTS:WARN File: C:/Users/A/IDEProjects/family_food_app/entry/src/main/ets/repository/FoodRepository.ets:165:36
 Function may throw exceptions. Special handling is required.
[39m[39m
[33m11 WARN: [33m[33mArkTS:WARN File: C:/Users/A/IDEProjects/family_food_app/entry/src/main/ets/repository/FoodRepository.ets:165:56
 Function may throw exceptions. Special handling is required.
[39m[39m
[33m12 WARN: [33m[33mArkTS:WARN File: C:/Users/A/IDEProjects/family_food_app/entry/src/main/ets/repository/FoodRepository.ets:166:34
 Function may throw exceptions. Special handling is required.
[39m[39m
[33m13 WARN: [33m[33mArkTS:WARN File: C:/Users/A/IDEProjects/family_food_app/entry/src/main/ets/repository/FoodRepository.ets:166:54
 Function may throw exceptions. Special handling is required.
[39m[39m
[33m14 WARN: [33m[33mArkTS:WARN File: C:/Users/A/IDEProjects/family_food_app/entry/src/main/ets/repository/FoodRepository.ets:167:38
 Function may throw exceptions. Special handling is required.
[39m[39m
[33m15 WARN: [33m[33mArkTS:WARN File: C:/Users/A/IDEProjects/family_food_app/entry/src/main/ets/repository/FoodRepository.ets:167:58
 Function may throw exceptions. Special handling is required.
[39m[39m
[33m16 WARN: [33m[33mArkTS:WARN File: C:/Users/A/IDEProjects/family_food_app/entry/src/main/ets/repository/FoodRepository.ets:168:26
 Function may throw exceptions. Special handling is required.
[39m[39m
[33m17 WARN: [33m[33mArkTS:WARN File: C:/Users/A/IDEProjects/family_food_app/entry/src/main/ets/repository/FoodRepository.ets:168:46
 Function may throw exceptions. Special handling is required.
[39m[39m
[33m18 WARN: [33m[33mArkTS:WARN File: C:/Users/A/IDEProjects/family_food_app/entry/src/main/ets/repository/FoodRepository.ets:169:22
 Function may throw exceptions. Special handling is required.
[39m[39m
[33m19 WARN: [33m[33mArkTS:WARN File: C:/Users/A/IDEProjects/family_food_app/entry/src/main/ets/repository/FoodRepository.ets:169:42
 Function may throw exceptions. Special handling is required.
[39m[39m
[33m20 WARN: [33m[33mArkTS:WARN File: C:/Users/A/IDEProjects/family_food_app/entry/src/main/ets/repository/FoodRepository.ets:170:23
 Function may throw exceptions. Special handling is required.
[39m[39m
[33m21 WARN: [33m[33mArkTS:WARN File: C:/Users/A/IDEProjects/family_food_app/entry/src/main/ets/repository/FoodRepository.ets:170:43
 Function may throw exceptions. Special handling is required.
[39m[39m
[33m22 WARN: [33m[33mArkTS:WARN File: C:/Users/A/IDEProjects/family_food_app/entry/src/main/ets/repository/FoodRepository.ets:171:21
 Function may throw exceptions. Special handling is required.
[39m[39m
[33m23 WARN: [33m[33mArkTS:WARN File: C:/Users/A/IDEProjects/family_food_app/entry/src/main/ets/repository/FoodRepository.ets:171:41
 Function may throw exceptions. Special handling is required.
[39m[39m
[33m24 WARN: [33m[33mArkTS:WARN File: C:/Users/A/IDEProjects/family_food_app/entry/src/main/ets/repository/FoodRepository.ets:172:23
 Function may throw exceptions. Special handling is required.
[39m[39m
[33m25 WARN: [33m[33mArkTS:WARN File: C:/Users/A/IDEProjects/family_food_app/entry/src/main/ets/repository/FoodRepository.ets:172:43
 Function may throw exceptions. Special handling is required.
[39m[39m
[33m26 WARN: [33m[33mArkTS:WARN File: C:/Users/A/IDEProjects/family_food_app/entry/src/main/ets/repository/FoodRepository.ets:173:20
 Function may throw exceptions. Special handling is required.
[39m[39m
[33m27 WARN: [33m[33mArkTS:WARN File: C:/Users/A/IDEProjects/family_food_app/entry/src/main/ets/repository/FoodRepository.ets:173:40
 Function may throw exceptions. Special handling is required.
[39m[39m
[33m28 WARN: [33m[33mArkTS:WARN File: C:/Users/A/IDEProjects/family_food_app/entry/src/main/ets/repository/FoodRepository.ets:174:26
 Function may throw exceptions. Special handling is required.
[39m[39m
[33m29 WARN: [33m[33mArkTS:WARN File: C:/Users/A/IDEProjects/family_food_app/entry/src/main/ets/repository/FoodRepository.ets:174:44
 Function may throw exceptions. Special handling is required.
[39m[39m
[33m30 WARN: [33m[33mArkTS:WARN File: C:/Users/A/IDEProjects/family_food_app/entry/src/main/ets/repository/HistoryRepository.ets:41:11
 Function may throw exceptions. Special handling is required.
[39m[39m
[33m31 WARN: [33m[33mArkTS:WARN File: C:/Users/A/IDEProjects/family_food_app/entry/src/main/ets/repository/HistoryRepository.ets:53:11
 Function may throw exceptions. Special handling is required.
[39m[39m
[33m32 WARN: [33m[33mArkTS:WARN File: C:/Users/A/IDEProjects/family_food_app/entry/src/main/ets/repository/HistoryRepository.ets:268:11
 Function may throw exceptions. Special handling is required.
[39m[39m
[33m33 WARN: [33m[33mArkTS:WARN File: C:/Users/A/IDEProjects/family_food_app/entry/src/main/ets/repository/HistoryRepository.ets:268:29
 Function may throw exceptions. Special handling is required.
[39m[39m
[33m34 WARN: [33m[33mArkTS:WARN File: C:/Users/A/IDEProjects/family_food_app/entry/src/main/ets/repository/HistoryRepository.ets:269:17
 Function may throw exceptions. Special handling is required.
[39m[39m
[33m35 WARN: [33m[33mArkTS:WARN File: C:/Users/A/IDEProjects/family_food_app/entry/src/main/ets/repository/HistoryRepository.ets:269:37
 Function may throw exceptions. Special handling is required.
[39m[39m
[33m36 WARN: [33m[33mArkTS:WARN File: C:/Users/A/IDEProjects/family_food_app/entry/src/main/ets/repository/HistoryRepository.ets:270:15
 Function may throw exceptions. Special handling is required.
[39m[39m
[33m37 WARN: [33m[33mArkTS:WARN File: C:/Users/A/IDEProjects/family_food_app/entry/src/main/ets/repository/HistoryRepository.ets:270:35
 Function may throw exceptions. Special handling is required.
[39m[39m
[33m38 WARN: [33m[33mArkTS:WARN File: C:/Users/A/IDEProjects/family_food_app/entry/src/main/ets/repository/HistoryRepository.ets:271:17
 Function may throw exceptions. Special handling is required.
[39m[39m
[33m39 WARN: [33m[33mArkTS:WARN File: C:/Users/A/IDEProjects/family_food_app/entry/src/main/ets/repository/HistoryRepository.ets:271:37
 Function may throw exceptions. Special handling is required.
[39m[39m
[33m40 WARN: [33m[33mArkTS:WARN File: C:/Users/A/IDEProjects/family_food_app/entry/src/main/ets/repository/HistoryRepository.ets:272:14
 Function may throw exceptions. Special handling is required.
[39m[39m
[33m41 WARN: [33m[33mArkTS:WARN File: C:/Users/A/IDEProjects/family_food_app/entry/src/main/ets/repository/HistoryRepository.ets:272:34
 Function may throw exceptions. Special handling is required.
[39m[39m
[33m42 WARN: [33m[33mArkTS:WARN File: C:/Users/A/IDEProjects/family_food_app/entry/src/main/ets/repository/HistoryRepository.ets:273:18
 Function may throw exceptions. Special handling is required.
[39m[39m
[33m43 WARN: [33m[33mArkTS:WARN File: C:/Users/A/IDEProjects/family_food_app/entry/src/main/ets/repository/HistoryRepository.ets:273:38
 Function may throw exceptions. Special handling is required.
[39m[39m
[33m44 WARN: [33m[33mArkTS:WARN File: C:/Users/A/IDEProjects/family_food_app/entry/src/main/ets/repository/HistoryRepository.ets:274:27
 Function may throw exceptions. Special handling is required.
[39m[39m
[33m45 WARN: [33m[33mArkTS:WARN File: C:/Users/A/IDEProjects/family_food_app/entry/src/main/ets/repository/HistoryRepository.ets:274:47
 Function may throw exceptions. Special handling is required.
[39m[39m
[33m46 WARN: [33m[33mArkTS:WARN File: C:/Users/A/IDEProjects/family_food_app/entry/src/main/ets/repository/HistoryRepository.ets:275:18
 Function may throw exceptions. Special handling is required.
[39m[39m
[33m47 WARN: [33m[33mArkTS:WARN File: C:/Users/A/IDEProjects/family_food_app/entry/src/main/ets/repository/HistoryRepository.ets:275:36
 Function may throw exceptions. Special handling is required.
[39m[39m
[33m48 WARN: [33m[33mArkTS:WARN File: C:/Users/A/IDEProjects/family_food_app/entry/src/main/ets/repository/HistoryRepository.ets:281:11
 Function may throw exceptions. Special handling is required.
[39m[39m
[33m49 WARN: [33m[33mArkTS:WARN File: C:/Users/A/IDEProjects/family_food_app/entry/src/main/ets/repository/HistoryRepository.ets:281:29
 Function may throw exceptions. Special handling is required.
[39m[39m
[33m50 WARN: [33m[33mArkTS:WARN File: C:/Users/A/IDEProjects/family_food_app/entry/src/main/ets/repository/HistoryRepository.ets:282:17
 Function may throw exceptions. Special handling is required.
[39m[39m
[33m51 WARN: [33m[33mArkTS:WARN File: C:/Users/A/IDEProjects/family_food_app/entry/src/main/ets/repository/HistoryRepository.ets:282:37
 Function may throw exceptions. Special handling is required.
[39m[39m
[33m52 WARN: [33m[33mArkTS:WARN File: C:/Users/A/IDEProjects/family_food_app/entry/src/main/ets/repository/HistoryRepository.ets:283:13
 Function may throw exceptions. Special handling is required.
[39m[39m
[33m53 WARN: [33m[33mArkTS:WARN File: C:/Users/A/IDEProjects/family_food_app/entry/src/main/ets/repository/HistoryRepository.ets:283:33
 Function may throw exceptions. Special handling is required.
[39m[39m
[33m54 WARN: [33m[33mArkTS:WARN File: C:/Users/A/IDEProjects/family_food_app/entry/src/main/ets/repository/HistoryRepository.ets:284:17
 Function may throw exceptions. Special handling is required.
[39m[39m
[33m55 WARN: [33m[33mArkTS:WARN File: C:/Users/A/IDEProjects/family_food_app/entry/src/main/ets/repository/HistoryRepository.ets:284:37
 Function may throw exceptions. Special handling is required.
[39m[39m
[33m56 WARN: [33m[33mArkTS:WARN File: C:/Users/A/IDEProjects/family_food_app/entry/src/main/ets/repository/HistoryRepository.ets:285:15
 Function may throw exceptions. Special handling is required.
[39m[39m
[33m57 WARN: [33m[33mArkTS:WARN File: C:/Users/A/IDEProjects/family_food_app/entry/src/main/ets/repository/HistoryRepository.ets:285:35
 Function may throw exceptions. Special handling is required.
[39m[39m
[33m58 WARN: [33m[33mArkTS:WARN File: C:/Users/A/IDEProjects/family_food_app/entry/src/main/ets/repository/HistoryRepository.ets:286:16
 Function may throw exceptions. Special handling is required.
[39m[39m
[33m59 WARN: [33m[33mArkTS:WARN File: C:/Users/A/IDEProjects/family_food_app/entry/src/main/ets/repository/HistoryRepository.ets:286:36
 Function may throw exceptions. Special handling is required.
[39m[39m
[33m60 WARN: [33m[33mArkTS:WARN File: C:/Users/A/IDEProjects/family_food_app/entry/src/main/ets/repository/HistoryRepository.ets:287:21
 Function may throw exceptions. Special handling is required.
[39m[39m
[33m61 WARN: [33m[33mArkTS:WARN File: C:/Users/A/IDEProjects/family_food_app/entry/src/main/ets/repository/HistoryRepository.ets:287:41
 Function may throw exceptions. Special handling is required.
[39m[39m
[33m62 WARN: [33m[33mArkTS:WARN File: C:/Users/A/IDEProjects/family_food_app/entry/src/main/ets/repository/HistoryRepository.ets:288:20
 Function may throw exceptions. Special handling is required.
[39m[39m
[33m63 WARN: [33m[33mArkTS:WARN File: C:/Users/A/IDEProjects/family_food_app/entry/src/main/ets/repository/HistoryRepository.ets:288:40
 Function may throw exceptions. Special handling is required.
[39m[39m
[33m64 WARN: [33m[33mArkTS:WARN File: C:/Users/A/IDEProjects/family_food_app/entry/src/main/ets/repository/HistoryRepository.ets:289:22
 Function may throw exceptions. Special handling is required.
[39m[39m
[33m65 WARN: [33m[33mArkTS:WARN File: C:/Users/A/IDEProjects/family_food_app/entry/src/main/ets/repository/HistoryRepository.ets:289:42
 Function may throw exceptions. Special handling is required.
[39m[39m
[33m66 WARN: [33m[33mArkTS:WARN File: C:/Users/A/IDEProjects/family_food_app/entry/src/main/ets/repository/HistoryRepository.ets:290:18
 Function may throw exceptions. Special handling is required.
[39m[39m
[33m67 WARN: [33m[33mArkTS:WARN File: C:/Users/A/IDEProjects/family_food_app/entry/src/main/ets/repository/HistoryRepository.ets:290:38
 Function may throw exceptions. Special handling is required.
[39m[39m
[33m68 WARN: [33m[33mArkTS:WARN File: C:/Users/A/IDEProjects/family_food_app/entry/src/main/ets/repository/HistoryRepository.ets:291:19
 Function may throw exceptions. Special handling is required.
[39m[39m
[33m69 WARN: [33m[33mArkTS:WARN File: C:/Users/A/IDEProjects/family_food_app/entry/src/main/ets/repository/HistoryRepository.ets:291:37
 Function may throw exceptions. Special handling is required.
[39m[39m
[33m70 WARN: [33m[33mArkTS:WARN File: C:/Users/A/IDEProjects/family_food_app/entry/src/main/ets/pages/HomePage.ets:99:22
 'pushUrl' has been deprecated.
[39m[39m
[33m71 WARN: [33m[33mArkTS:WARN File: C:/Users/A/IDEProjects/family_food_app/entry/src/main/ets/pages/HomePage.ets:101:22
 'pushUrl' has been deprecated.
[39m[39m
[33m72 WARN: [33m[33mArkTS:WARN File: C:/Users/A/IDEProjects/family_food_app/entry/src/main/ets/pages/HomePage.ets:126:18
 'pushUrl' has been deprecated.
[39m[39m
[33m73 WARN: [33m[33mArkTS:WARN File: C:/Users/A/IDEProjects/family_food_app/entry/src/main/ets/pages/HomePage.ets:145:18
 'pushUrl' has been deprecated.
[39m[39m
[33m74 WARN: [33m[33mArkTS:WARN File: C:/Users/A/IDEProjects/family_food_app/entry/src/main/ets/pages/HomePage.ets:165:20
 'pushUrl' has been deprecated.
[39m[39m
[33m75 WARN: [33m[33mArkTS:WARN File: C:/Users/A/IDEProjects/family_food_app/entry/src/main/ets/pages/HomePage.ets:172:37
 'pushUrl' has been deprecated.
[39m[39m
[33m76 WARN: [33m[33mArkTS:WARN File: C:/Users/A/IDEProjects/family_food_app/entry/src/main/ets/pages/HomePage.ets:176:39
 'pushUrl' has been deprecated.
[39m[39m
[33m77 WARN: [33m[33mArkTS:WARN File: C:/Users/A/IDEProjects/family_food_app/entry/src/main/ets/pages/HomePage.ets:180:37
 'pushUrl' has been deprecated.
[39m[39m
[33m78 WARN: [33m[33mArkTS:WARN File: C:/Users/A/IDEProjects/family_food_app/entry/src/main/ets/pages/MemberPage.ets:20:35
 'back' has been deprecated.
[39m[39m
[33m79 WARN: [33m[33mArkTS:WARN File: C:/Users/A/IDEProjects/family_food_app/entry/src/main/ets/pages/MemberPage.ets:47:20
 'pushUrl' has been deprecated.
[39m[39m
[33m80 WARN: [33m[33mArkTS:WARN File: C:/Users/A/IDEProjects/family_food_app/entry/src/main/ets/pages/MemberPage.ets:78:14
 'pushUrl' has been deprecated.
[39m[39m
[33m81 WARN: [33m[33mArkTS:WARN File: C:/Users/A/IDEProjects/family_food_app/entry/src/main/ets/pages/MemberEditPage.ets:39:37
 'back' has been deprecated.
[39m[39m
[33m82 WARN: [33m[33mArkTS:WARN File: C:/Users/A/IDEProjects/family_food_app/entry/src/main/ets/pages/MemberEditPage.ets:226:27
 'getParams' has been deprecated.
[39m[39m
[33m83 WARN: [33m[33mArkTS:WARN File: C:/Users/A/IDEProjects/family_food_app/entry/src/main/ets/pages/MemberEditPage.ets:291:12
 'back' has been deprecated.
[39m[39m
[33m84 WARN: [33m[33mArkTS:WARN File: C:/Users/A/IDEProjects/family_food_app/entry/src/main/ets/pages/ScanPage.ets:39:27
 'getParams' has been deprecated.
[39m[39m
[33m85 WARN: [33m[33mArkTS:WARN File: C:/Users/A/IDEProjects/family_food_app/entry/src/main/ets/pages/ScanPage.ets:53:37
 'back' has been deprecated.
[39m[39m
[33m86 WARN: [33m[33mArkTS:WARN File: C:/Users/A/IDEProjects/family_food_app/entry/src/main/ets/pages/ScanPage.ets:339:7
 Function may throw exceptions. Special handling is required.
[39m[39m
[33m87 WARN: [33m[33mArkTS:WARN File: C:/Users/A/IDEProjects/family_food_app/entry/src/main/ets/pages/ScanPage.ets:339:20
 'showToast' has been deprecated.
[39m[39m
[33m88 WARN: [33m[33mArkTS:WARN File: C:/Users/A/IDEProjects/family_food_app/entry/src/main/ets/pages/ScanPage.ets:346:25
 'getContext' has been deprecated.
[39m[39m
[33m89 WARN: [33m[33mArkTS:WARN File: C:/Users/A/IDEProjects/family_food_app/entry/src/main/ets/pages/ScanPage.ets:359:7
 Function may throw exceptions. Special handling is required.
[39m[39m
[33m90 WARN: [33m[33mArkTS:WARN File: C:/Users/A/IDEProjects/family_food_app/entry/src/main/ets/pages/ScanPage.ets:359:20
 'showToast' has been deprecated.
[39m[39m
[33m91 WARN: [33m[33mArkTS:WARN File: C:/Users/A/IDEProjects/family_food_app/entry/src/main/ets/pages/ScanPage.ets:427:7
 Function may throw exceptions. Special handling is required.
[39m[39m
[33m92 WARN: [33m[33mArkTS:WARN File: C:/Users/A/IDEProjects/family_food_app/entry/src/main/ets/pages/ScanPage.ets:427:20
 'showToast' has been deprecated.
[39m[39m
[33m93 WARN: [33m[33mArkTS:WARN File: C:/Users/A/IDEProjects/family_food_app/entry/src/main/ets/pages/ScanPage.ets:432:7
 Function may throw exceptions. Special handling is required.
[39m[39m
[33m94 WARN: [33m[33mArkTS:WARN File: C:/Users/A/IDEProjects/family_food_app/entry/src/main/ets/pages/ScanPage.ets:432:20
 'showToast' has been deprecated.
[39m[39m
[33m95 WARN: [33m[33mArkTS:WARN File: C:/Users/A/IDEProjects/family_food_app/entry/src/main/ets/pages/ScanPage.ets:446:5
 Function may throw exceptions. Special handling is required.
[39m[39m
[33m96 WARN: [33m[33mArkTS:WARN File: C:/Users/A/IDEProjects/family_food_app/entry/src/main/ets/pages/ScanPage.ets:446:12
 'pushUrl' has been deprecated.
[39m[39m
[33m97 WARN: [33m[33mArkTS:WARN File: C:/Users/A/IDEProjects/family_food_app/entry/src/main/ets/pages/ReportPage.ets:29:27
 'getParams' has been deprecated.
[39m[39m
[33m98 WARN: [33m[33mArkTS:WARN File: C:/Users/A/IDEProjects/family_food_app/entry/src/main/ets/pages/ReportPage.ets:47:37
 'back' has been deprecated.
[39m[39m
[33m99 WARN: [33m[33mArkTS:WARN File: C:/Users/A/IDEProjects/family_food_app/entry/src/main/ets/pages/ReportPage.ets:99:20
 'pushUrl' has been deprecated.
[39m[39m
[33m100 WARN: [33m[33mArkTS:WARN File: C:/Users/A/IDEProjects/family_food_app/entry/src/main/ets/pages/SharePage.ets:23:27
 'getParams' has been deprecated.
[39m[39m
[33m101 WARN: [33m[33mArkTS:WARN File: C:/Users/A/IDEProjects/family_food_app/entry/src/main/ets/pages/SharePage.ets:45:37
 'back' has been deprecated.
[39m[39m
[33m102 WARN: [33m[33mArkTS:WARN File: C:/Users/A/IDEProjects/family_food_app/entry/src/main/ets/pages/SharePage.ets:103:30
 'showToast' has been deprecated.
[39m[39m
[33m103 WARN: [33m[33mArkTS:WARN File: C:/Users/A/IDEProjects/family_food_app/entry/src/main/ets/pages/SharePage.ets:192:5
 Function may throw exceptions. Special handling is required.
[39m[39m
[33m104 WARN: [33m[33mArkTS:WARN File: C:/Users/A/IDEProjects/family_food_app/entry/src/main/ets/pages/SharePage.ets:192:18
 'showToast' has been deprecated.
[39m[39m
[33m105 WARN: [33m[33mArkTS:WARN File: C:/Users/A/IDEProjects/family_food_app/entry/src/main/ets/pages/HistoryPage.ets:27:35
 'back' has been deprecated.
[39m[39m
[33m106 WARN: [33m[33mArkTS:WARN File: C:/Users/A/IDEProjects/family_food_app/entry/src/main/ets/pages/BalancePage.ets:55:37
 'back' has been deprecated.
[39m[39m
[33m107 WARN: [33m[33mArkTS:WARN File: C:/Users/A/IDEProjects/family_food_app/entry/src/main/ets/pages/BalancePage.ets:291:5
 Function may throw exceptions. Special handling is required.
[39m[39m
[33m108 WARN: [33m[33mArkTS:WARN File: C:/Users/A/IDEProjects/family_food_app/entry/src/main/ets/pages/BalancePage.ets:291:18
 'showToast' has been deprecated.
[39m[39m
[33m109 WARN: [33m[33mArkTS:WARN File: C:/Users/A/IDEProjects/family_food_app/entry/src/main/ets/pages/BasketCheckPage.ets:32:37
 'back' has been deprecated.
[39m[39m
[33m110 WARN: [33m[33mArkTS:WARN File: C:/Users/A/IDEProjects/family_food_app/entry/src/main/ets/pages/BasketCheckPage.ets:128:20
 'pushUrl' has been deprecated.
[39m[39m
[33m111 WARN: [33m[33mArkTS:WARN File: C:/Users/A/IDEProjects/family_food_app/entry/src/main/ets/pages/WeeklyReportPage.ets:39:37
 'back' has been deprecated.
[39m[39m
[33m112 WARN: [33m[33mArkTS:WARN File: C:/Users/A/IDEProjects/family_food_app/entry/src/main/ets/pages/SettingsPage.ets:41:37
 'back' has been deprecated.
[39m[39m
[33m113 WARN: [33m[33mArkTS:WARN File: C:/Users/A/IDEProjects/family_food_app/entry/src/main/ets/pages/SettingsPage.ets:206:5
 Function may throw exceptions. Special handling is required.
[39m[39m
[33m114 WARN: [33m[33mArkTS:WARN File: C:/Users/A/IDEProjects/family_food_app/entry/src/main/ets/pages/SettingsPage.ets:206:18
 'showToast' has been deprecated.
[39m[39m
[33m115 WARN: [33mArkTS:WARN File: C:/Users/A/IDEProjects/family_food_app/entry/src/main/ets/pages/HomePage.ets:72:15
 Property 'onSelect' is private and can not be initialized through the component constructor.[39m[39m[39m
> hvigor [91mERROR: 00305015 Rollup Error
Error Message: Unexpected token (Note that you need plugins to import files that are not JavaScript)
. At file: C:\Users\A\IDEProjects\family_food_app\entry\src\main\ets\pages\ReportPage.ets:111
[31m1 ERROR: [31m10605038 ArkTS Compiler Error
Error Message: Object literal must correspond to some explicitly declared class or interface (arkts-no-untyped-obj-literals) At File: C:/Users/A/IDEProjects/fam
ily_food_app/entry/src/main/ets/model/FamilyProfile.ets:69:12
[39m
[39m
[31m2 ERROR: [31m10605038 ArkTS Compiler Error
Error Message: Object literal must correspond to some explicitly declared class or interface (arkts-no-untyped-obj-literals) At File: C:/Users/A/IDEProjects/fam
ily_food_app/entry/src/main/ets/model/FamilyProfile.ets:108:12
[39m
[39m
[31m3 ERROR: [31m10605038 ArkTS Compiler Error
Error Message: Object literal must correspond to some explicitly declared class or interface (arkts-no-untyped-obj-literals) At File: C:/Users/A/IDEProjects/fam
ily_food_app/entry/src/main/ets/model/HealthSignal.ets:90:12
[39m
[39m
[31m4 ERROR: [31m10605038 ArkTS Compiler Error
Error Message: Object literal must correspond to some explicitly declared class or interface (arkts-no-untyped-obj-literals) At File: C:/Users/A/IDEProjects/fam
ily_food_app/entry/src/main/ets/model/FoodLabel.ets:93:12
[39m
[39m
[31m5 ERROR: [31m10605038 ArkTS Compiler Error
Error Message: Object literal must correspond to some explicitly declared class or interface (arkts-no-untyped-obj-literals) At File: C:/Users/A/IDEProjects/fam
ily_food_app/entry/src/main/ets/model/DailyBudget.ets:58:12
[39m
[39m
[31m6 ERROR: [31m10605038 ArkTS Compiler Error
Error Message: Object literal must correspond to some explicitly declared class or interface (arkts-no-untyped-obj-literals) At File: C:/Users/A/IDEProjects/fam
ily_food_app/entry/src/main/ets/model/Recommendation.ets:59:12
[39m
[39m
[31m7 ERROR: [31m10605038 ArkTS Compiler Error
Error Message: Object literal must correspond to some explicitly declared class or interface (arkts-no-untyped-obj-literals) At File: C:/Users/A/IDEProjects/fam
ily_food_app/entry/src/main/ets/model/MealBalance.ets:37:12
[39m
[39m
[31m8 ERROR: [31m10605038 ArkTS Compiler Error
Error Message: Object literal must correspond to some explicitly declared class or interface (arkts-no-untyped-obj-literals) At File: C:/Users/A/IDEProjects/fam
ily_food_app/entry/src/main/ets/model/ChildProtection.ets:18:12
[39m
[39m
[31m9 ERROR: [31m10605038 ArkTS Compiler Error
Error Message: Object literal must correspond to some explicitly declared class or interface (arkts-no-untyped-obj-literals) At File: C:/Users/A/IDEProjects/fam
ily_food_app/entry/src/main/ets/model/CredibilityResult.ets:60:12
[39m
[39m
[31m10 ERROR: [31m10605138 ArkTS Compiler Error
Error Message: Some of utility types are not supported (arkts-no-utility-types) At File: C:/Users/A/IDEProjects/family_food_app/entry/src/main/ets/repository/Hi
storyRepository.ets:71:33
[39m
[39m
[31m11 ERROR: [31m10605138 ArkTS Compiler Error
Error Message: Some of utility types are not supported (arkts-no-utility-types) At File: C:/Users/A/IDEProjects/family_food_app/entry/src/main/ets/repository/Hi
storyRepository.ets:94:32
[39m
[39m
[31m12 ERROR: [31m10605040 ArkTS Compiler Error
Error Message: Object literals cannot be used as type declarations (arkts-no-obj-literals-as-types) At File: C:/Users/A/IDEProjects/family_food_app/entry/src/ma
in/ets/repository/HistoryRepository.ets:223:86
[39m
[39m
[31m13 ERROR: [31m10605038 ArkTS Compiler Error
Error Message: Object literal must correspond to some explicitly declared class or interface (arkts-no-untyped-obj-literals) At File: C:/Users/A/IDEProjects/fam
ily_food_app/entry/src/main/ets/repository/HistoryRepository.ets:240:12
[39m
[39m
[31m14 ERROR: [31m10605040 ArkTS Compiler Error
Error Message: Object literals cannot be used as type declarations (arkts-no-obj-literals-as-types) At File: C:/Users/A/IDEProjects/family_food_app/entry/src/ma
in/ets/repository/RuleRepository.ets:18:36
[39m
[39m
[31m15 ERROR: [31m10605040 ArkTS Compiler Error
Error Message: Object literals cannot be used as type declarations (arkts-no-obj-literals-as-types) At File: C:/Users/A/IDEProjects/family_food_app/entry/src/ma
in/ets/repository/RuleRepository.ets:19:22
[39m
[39m
[31m16 ERROR: [31m10605040 ArkTS Compiler Error
Error Message: Object literals cannot be used as type declarations (arkts-no-obj-literals-as-types) At File: C:/Users/A/IDEProjects/family_food_app/entry/src/ma
in/ets/repository/RuleRepository.ets:20:15
[39m
[39m
[31m17 ERROR: [31m10605040 ArkTS Compiler Error
Error Message: Object literals cannot be used as type declarations (arkts-no-obj-literals-as-types) At File: C:/Users/A/IDEProjects/family_food_app/entry/src/ma
in/ets/repository/RuleRepository.ets:21:17
[39m
[39m
[31m18 ERROR: [31m10605040 ArkTS Compiler Error
Error Message: Object literals cannot be used as type declarations (arkts-no-obj-literals-as-types) At File: C:/Users/A/IDEProjects/family_food_app/entry/src/ma
in/ets/repository/RuleRepository.ets:22:14
[39m
[39m
[31m19 ERROR: [31m10605040 ArkTS Compiler Error
Error Message: Object literals cannot be used as type declarations (arkts-no-obj-literals-as-types) At File: C:/Users/A/IDEProjects/family_food_app/entry/src/ma
in/ets/repository/RuleRepository.ets:23:14
[39m
[39m
[31m20 ERROR: [31m10605074 ArkTS Compiler Error
Error Message: Destructuring variable declarations are not supported (arkts-no-destruct-decls) At File: C:/Users/A/IDEProjects/family_food_app/entry/src/main/et
s/engine/RuleEngine.ets:110:11
[39m
[39m
[31m21 ERROR: [31m10605040 ArkTS Compiler Error
Error Message: Object literals cannot be used as type declarations (arkts-no-obj-literals-as-types) At File: C:/Users/A/IDEProjects/family_food_app/entry/src/ma
in/ets/engine/ChildProtectionEngine.ets:20:16
[39m
[39m
[31m22 ERROR: [31m10605040 ArkTS Compiler Error
Error Message: Object literals cannot be used as type declarations (arkts-no-obj-literals-as-types) At File: C:/Users/A/IDEProjects/family_food_app/entry/src/ma
in/ets/engine/ChildProtectionEngine.ets:59:16
[39m
[39m
[31m23 ERROR: [31m10605043 ArkTS Compiler Error
Error Message: Array literals must contain elements of only inferrable types (arkts-no-noninferrable-arr-literals) At File: C:/Users/A/IDEProjects/family_food_a
pp/entry/src/main/ets/engine/ChildProtectionEngine.ets:71:19
[39m
[39m
[31m24 ERROR: [31m10605038 ArkTS Compiler Error
Error Message: Object literal must correspond to some explicitly declared class or interface (arkts-no-untyped-obj-literals) At File: C:/Users/A/IDEProjects/fam
ily_food_app/entry/src/main/ets/engine/ChildProtectionEngine.ets:72:7
[39m
[39m
[31m25 ERROR: [31m10605038 ArkTS Compiler Error
Error Message: Object literal must correspond to some explicitly declared class or interface (arkts-no-untyped-obj-literals) At File: C:/Users/A/IDEProjects/fam
ily_food_app/entry/src/main/ets/engine/ChildProtectionEngine.ets:73:7
[39m
[39m
[31m26 ERROR: [31m10605038 ArkTS Compiler Error
Error Message: Object literal must correspond to some explicitly declared class or interface (arkts-no-untyped-obj-literals) At File: C:/Users/A/IDEProjects/fam
ily_food_app/entry/src/main/ets/engine/ChildProtectionEngine.ets:74:7
[39m
[39m
[31m27 ERROR: [31m10605074 ArkTS Compiler Error
Error Message: Destructuring variable declarations are not supported (arkts-no-destruct-decls) At File: C:/Users/A/IDEProjects/family_food_app/entry/src/main/et
s/engine/ChildProtectionEngine.ets:78:13
[39m
[39m
[31m28 ERROR: [31m10605074 ArkTS Compiler Error
Error Message: Destructuring variable declarations are not supported (arkts-no-destruct-decls) At File: C:/Users/A/IDEProjects/family_food_app/entry/src/main/et
s/engine/ChildProtectionEngine.ets:103:11
[39m
[39m
[31m29 ERROR: [31m10605040 ArkTS Compiler Error
Error Message: Object literals cannot be used as type declarations (arkts-no-obj-literals-as-types) At File: C:/Users/A/IDEProjects/family_food_app/entry/src/ma
in/ets/engine/WeeklyReportEngine.ets:151:81
[39m
[39m
[31m30 ERROR: [31m10605038 ArkTS Compiler Error
Error Message: Object literal must correspond to some explicitly declared class or interface (arkts-no-untyped-obj-literals) At File: C:/Users/A/IDEProjects/fam
ily_food_app/entry/src/main/ets/engine/WeeklyReportEngine.ets:177:12
[39m
[39m
[31m31 ERROR: [31m10605074 ArkTS Compiler Error
Error Message: Destructuring variable declarations are not supported (arkts-no-destruct-decls) At File: C:/Users/A/IDEProjects/family_food_app/entry/src/main/et
s/utils/DateUtil.ets:35:11
[39m
[39m
[31m32 ERROR: [31m10605074 ArkTS Compiler Error
Error Message: Destructuring variable declarations are not supported (arkts-no-destruct-decls) At File: C:/Users/A/IDEProjects/family_food_app/entry/src/main/et
s/utils/DateUtil.ets:36:11
[39m
[39m
[31m33 ERROR: [31m10605038 ArkTS Compiler Error
Error Message: Object literal must correspond to some explicitly declared class or interface (arkts-no-untyped-obj-literals) At File: C:/Users/A/IDEProjects/fam
ily_food_app/entry/src/main/ets/AppState.ets:370:7
[39m
[39m
[31m34 ERROR: [31m10605038 ArkTS Compiler Error
Error Message: Object literal must correspond to some explicitly declared class or interface (arkts-no-untyped-obj-literals) At File: C:/Users/A/IDEProjects/fam
ily_food_app/entry/src/main/ets/AppState.ets:425:44
[39m
[39m
[31m35 ERROR: [31m10605038 ArkTS Compiler Error
Error Message: Object literal must correspond to some explicitly declared class or interface (arkts-no-untyped-obj-literals) At File: C:/Users/A/IDEProjects/fam
ily_food_app/entry/src/main/ets/AppState.ets:441:43
[39m
[39m
[31m36 ERROR: [31m10605040 ArkTS Compiler Error
Error Message: Object literals cannot be used as type declarations (arkts-no-obj-literals-as-types) At File: C:/Users/A/IDEProjects/family_food_app/entry/src/ma
in/ets/service/OcrService.ets:22:11
[39m
[39m
[31m37 ERROR: [31m10605019 ArkTS Compiler Error
Error Message: Use inheritance instead of intersection types (arkts-no-intersection-types) At File: C:/Users/A/IDEProjects/family_food_app/entry/src/main/ets/se
rvice/OcrService.ets:202:41
[39m
[39m
[31m38 ERROR: [31m10605040 ArkTS Compiler Error
Error Message: Object literals cannot be used as type declarations (arkts-no-obj-literals-as-types) At File: C:/Users/A/IDEProjects/family_food_app/entry/src/ma
in/ets/service/OcrService.ets:202:69
[39m
[39m
[31m39 ERROR: [31m10605040 ArkTS Compiler Error
Error Message: Object literals cannot be used as type declarations (arkts-no-obj-literals-as-types) At File: C:/Users/A/IDEProjects/family_food_app/entry/src/ma
in/ets/service/OcrService.ets:211:73
[39m
[39m
[31m40 ERROR: [31m10605038 ArkTS Compiler Error
Error Message: Object literal must correspond to some explicitly declared class or interface (arkts-no-untyped-obj-literals) At File: C:/Users/A/IDEProjects/fam
ily_food_app/entry/src/main/ets/service/OcrService.ets:213:14
[39m
[39m
[31m41 ERROR: [31m10605038 ArkTS Compiler Error
Error Message: Object literal must correspond to some explicitly declared class or interface (arkts-no-untyped-obj-literals) At File: C:/Users/A/IDEProjects/fam
ily_food_app/entry/src/main/ets/service/OcrService.ets:228:12
[39m
[39m
[31m42 ERROR: [31m10605040 ArkTS Compiler Error
Error Message: Object literals cannot be used as type declarations (arkts-no-obj-literals-as-types) At File: C:/Users/A/IDEProjects/family_food_app/entry/src/ma
in/ets/service/OcrService.ets:308:41
[39m
[39m
[31m43 ERROR: [31m10605038 ArkTS Compiler Error
Error Message: Object literal must correspond to some explicitly declared class or interface (arkts-no-untyped-obj-literals) At File: C:/Users/A/IDEProjects/fam
ily_food_app/entry/src/main/ets/service/OcrService.ets:311:12
[39m
[39m
[31m44 ERROR: [31m10605040 ArkTS Compiler Error
Error Message: Object literals cannot be used as type declarations (arkts-no-obj-literals-as-types) At File: C:/Users/A/IDEProjects/family_food_app/entry/src/ma
in/ets/service/ScanService.ets:90:57
[39m
[39m
[31m45 ERROR: [31m10605038 ArkTS Compiler Error
Error Message: Object literal must correspond to some explicitly declared class or interface (arkts-no-untyped-obj-literals) At File: C:/Users/A/IDEProjects/fam
ily_food_app/entry/src/main/ets/service/ScanService.ets:93:14
[39m
[39m
[31m46 ERROR: [31m10605038 ArkTS Compiler Error
Error Message: Object literal must correspond to some explicitly declared class or interface (arkts-no-untyped-obj-literals) At File: C:/Users/A/IDEProjects/fam
ily_food_app/entry/src/main/ets/service/ScanService.ets:97:12
[39m
[39m
[31m47 ERROR: [31m10605074 ArkTS Compiler Error
Error Message: Destructuring variable declarations are not supported (arkts-no-destruct-decls) At File: C:/Users/A/IDEProjects/family_food_app/entry/src/main/et
s/service/FoodInputService.ets:48:11
[39m
[39m
[31m48 ERROR: [31m10605040 ArkTS Compiler Error
Error Message: Object literals cannot be used as type declarations (arkts-no-obj-literals-as-types) At File: C:/Users/A/IDEProjects/family_food_app/entry/src/ma
in/ets/pages/BalancePage.ets:25:22
[39m
[39m
[31m49 ERROR: [31m10605043 ArkTS Compiler Error
Error Message: Array literals must contain elements of only inferrable types (arkts-no-noninferrable-arr-literals) At File: C:/Users/A/IDEProjects/family_food_a
pp/entry/src/main/ets/pages/BalancePage.ets:25:80
[39m
[39m
[31m50 ERROR: [31m10605038 ArkTS Compiler Error
Error Message: Object literal must correspond to some explicitly declared class or interface (arkts-no-untyped-obj-literals) At File: C:/Users/A/IDEProjects/fam
ily_food_app/entry/src/main/ets/pages/BalancePage.ets:26:5
[39m
[39m
[31m51 ERROR: [31m10605038 ArkTS Compiler Error
Error Message: Object literal must correspond to some explicitly declared class or interface (arkts-no-untyped-obj-literals) At File: C:/Users/A/IDEProjects/fam
ily_food_app/entry/src/main/ets/pages/BalancePage.ets:27:5
[39m
[39m
[31m52 ERROR: [31m10605038 ArkTS Compiler Error
Error Message: Object literal must correspond to some explicitly declared class or interface (arkts-no-untyped-obj-literals) At File: C:/Users/A/IDEProjects/fam
ily_food_app/entry/src/main/ets/pages/BalancePage.ets:28:5
[39m
[39m
[31m53 ERROR: [31m10605038 ArkTS Compiler Error
Error Message: Object literal must correspond to some explicitly declared class or interface (arkts-no-untyped-obj-literals) At File: C:/Users/A/IDEProjects/fam
ily_food_app/entry/src/main/ets/pages/BalancePage.ets:29:5
[39m
[39m
[31m54 ERROR: [31m10605038 ArkTS Compiler Error
Error Message: Object literal must correspond to some explicitly declared class or interface (arkts-no-untyped-obj-literals) At File: C:/Users/A/IDEProjects/fam
ily_food_app/entry/src/main/ets/pages/BalancePage.ets:30:5
[39m
[39m
[31m55 ERROR: [31m10605038 ArkTS Compiler Error
Error Message: Object literal must correspond to some explicitly declared class or interface (arkts-no-untyped-obj-literals) At File: C:/Users/A/IDEProjects/fam
ily_food_app/entry/src/main/ets/pages/BalancePage.ets:31:5
[39m
[39m
[31m56 ERROR: [31m10605038 ArkTS Compiler Error
Error Message: Object literal must correspond to some explicitly declared class or interface (arkts-no-untyped-obj-literals) At File: C:/Users/A/IDEProjects/fam
ily_food_app/entry/src/main/ets/pages/BalancePage.ets:32:5
[39m
[39m
[31m57 ERROR: [31m10605038 ArkTS Compiler Error
Error Message: Object literal must correspond to some explicitly declared class or interface (arkts-no-untyped-obj-literals) At File: C:/Users/A/IDEProjects/fam
ily_food_app/entry/src/main/ets/pages/BalancePage.ets:33:5
[39m
[39m
[31m58 ERROR: [31m10605040 ArkTS Compiler Error
Error Message: Object literals cannot be used as type declarations (arkts-no-obj-literals-as-types) At File: C:/Users/A/IDEProjects/family_food_app/entry/src/ma
in/ets/pages/BalancePage.ets:75:46
[39m
[39m
[31m59 ERROR: [31m10605040 ArkTS Compiler Error
Error Message: Object literals cannot be used as type declarations (arkts-no-obj-literals-as-types) At File: C:/Users/A/IDEProjects/family_food_app/entry/src/ma
in/ets/pages/BalancePage.ets:98:25
[39m
[39m
[31m60 ERROR: [31m10605040 ArkTS Compiler Error
Error Message: Object literals cannot be used as type declarations (arkts-no-obj-literals-as-types) At File: C:/Users/A/IDEProjects/family_food_app/entry/src/ma
in/ets/pages/WeeklyReportPage.ets:152:34
[39m
[39m
[31m61 ERROR: [31m10605038 ArkTS Compiler Error
Error Message: Object literal must correspond to some explicitly declared class or interface (arkts-no-untyped-obj-literals) At File: C:/Users/A/IDEProjects/fam
ily_food_app/entry/src/main/ets/pages/WeeklyReportPage.ets:161:12
[39m
[39m
[31m62 ERROR: [31m10505001 ArkTS Compiler Error
Error Message: Argument of type 'Record<string, Object>' is not assignable to parameter of type 'Record<string, number>'.
  'string' index signatures are incompatible.
    Type 'Object' is not assignable to type 'number'. At File: C:/Users/A/IDEProjects/family_food_app/entry/src/main/ets/model/FamilyProfile.ets:91:54
[39m
[39m
[31m63 ERROR: [31m10505001 ArkTS Compiler Error
Error Message: Type 'Record<string, string>' is missing the following properties from type 'MealTimes': breakfast, lunch, dinner At File: C:/Users/A/IDEProjects
/family_food_app/entry/src/main/ets/repository/FamilyRepository.ets:119:13
[39m
[39m
[31m64 ERROR: [31m10505001 ArkTS Compiler Error
Error Message: Type '{}' is missing the following properties from type 'MealTimes': breakfast, lunch, dinner At File: C:/Users/A/IDEProjects/family_food_app/ent
ry/src/main/ets/repository/FamilyRepository.ets:121:13
[39m
[39m
[31m65 ERROR: [31m10505001 ArkTS Compiler Error
Error Message: Property 'limit' does not exist on type 'RdbPredicates'. Did you mean 'limitAs'? At File: C:/Users/A/IDEProjects/family_food_app/entry/src/main/e
ts/repository/FoodRepository.ets:126:18
[39m
[39m
[31m66 ERROR: [31m10505001 ArkTS Compiler Error
Error Message: Property 'limit' does not exist on type 'RdbPredicates'. Did you mean 'limitAs'? At File: C:/Users/A/IDEProjects/family_food_app/entry/src/main/e
ts/repository/HistoryRepository.ets:151:18
[39m
[39m
[31m67 ERROR: [31m10505001 ArkTS Compiler Error
Error Message: Property 'limit' does not exist on type 'RdbPredicates'. Did you mean 'limitAs'? At File: C:/Users/A/IDEProjects/family_food_app/entry/src/main/e
ts/repository/HistoryRepository.ets:177:18
[39m
[39m
[31m68 ERROR: [31m10505001 ArkTS Compiler Error
Error Message: Conversion of type 'import("C:/Users/A/IDEProjects/family_food_app/entry/src/main/ets/model/FamilyProfile").AgeGroup' to type 'number' may be a m
istake because neither type sufficiently overlaps with the other. If this was intentional, convert the expression to 'unknown' first. At File: C:/Users/A/IDEPro
jects/family_food_app/entry/src/main/ets/pages/MemberEditPage.ets:234:33
[39m
[39m
[31m69 ERROR: [31m10505001 ArkTS Compiler Error
Error Message: Conversion of type 'number' to type 'AgeGroup' may be a mistake because neither type sufficiently overlaps with the other. If this was intentiona
l, convert the expression to 'unknown' first. At File: C:/Users/A/IDEProjects/family_food_app/entry/src/main/ets/pages/MemberEditPage.ets:253:24
[39m
[39m
[31m70 ERROR: [31m10505001 ArkTS Compiler Error
Error Message: Module '"@kit.ScanKit"' has no exported member 'ScanType'. At File: C:/Users/A/IDEProjects/family_food_app/entry/src/main/ets/service/ScanService
.ets:5:23
[39m
[39m
[31m71 ERROR: [31m10905210 ArkTS Compiler Error
Error Message: In an '@Entry' decorated component, the 'build' method can have only one root node, which must be a container component. At File: C:/Users/A/IDEP
rojects/family_food_app/entry/src/main/ets/pages/ReportPage.ets:37:12
[39m
[39m
[31m72 ERROR: [31m10905209 ArkTS Compiler Error
Error Message: Only UI component syntax can be written here. At File: C:/Users/A/IDEProjects/family_food_app/entry/src/main/ets/pages/ReportPage.ets:149:5
[39m
[39m
[31m73 ERROR: [31m10905209 ArkTS Compiler Error
Error Message: Only UI component syntax can be written here. At File: C:/Users/A/IDEProjects/family_food_app/entry/src/main/ets/pages/ReportPage.ets:151:7
[39m
[39m
[31m74 ERROR: [31m10905209 ArkTS Compiler Error
Error Message: Only UI component syntax can be written here. At File: C:/Users/A/IDEProjects/family_food_app/entry/src/main/ets/pages/ReportPage.ets:154:5
[39m
[39m
[31mCOMPILE RESULT:FAIL {ERROR:75 WARN:115}[39m

[31m* Try:
> Run with --stacktrace option to get the stack trace.
> Run with --debug option to get more log output.
[39m
> hvigor [91mERROR: BUILD FAILED in 57 s 205 ms [39m
